
Aprajat@Aprajat MINGW64 ~
$ git --version
git version 2.39.2.windows.1

Aprajat@Aprajat MINGW64 ~
$ cd d
bash: cd: d: No such file or directory

Aprajat@Aprajat MINGW64 ~
$ cd d:

Aprajat@Aprajat MINGW64 /d
$ git clone https://github.com/abhi522k/python.git
Cloning into 'python'...
remote: Invalid username or password.
fatal: Authentication failed for 'https://github.com/abhi522k/python.git/'

Aprajat@Aprajat MINGW64 /d
$ git clone https://github.com/abhi522k/python.git
Cloning into 'python'...
remote: Enumerating objects: 3, done.
remote: Counting objects: 100% (3/3), done.
remote: Total 3 (delta 0), reused 0 (delta 0), pack-reused 0
Receiving objects: 100% (3/3), done.

Aprajat@Aprajat MINGW64 /d/python (main)
$ git status
On branch main
Your branch is up to date with 'origin/main'.

Untracked files:
  (use "git add <file>..." to include in what will be committed)
        python-1.py

nothing added to commit but untracked files present (use "git add" to track)

Aprajat@Aprajat MINGW64 /d/python (main)
$ git add .

Aprajat@Aprajat MINGW64 /d/python (main)
$ git status
On branch main
Your branch is up to date with 'origin/main'.

Changes to be committed:
  (use "git restore --staged <file>..." to unstage)
        new file:   python-1.py


Aprajat@Aprajat MINGW64 /d/python (main)
$ git commit -m "Hello world is get inserted"
Author identity unknown

*** Please tell me who you are.

Run

  git config --global user.email "you@example.com"
  git config --global user.name "Your Name"

to set your account's default identity.
Omit --global to set the identity only in this repository.

fatal: unable to auto-detect email address (got 'Aprajat@Aprajat.(none)')

Aprajat@Aprajat MINGW64 /d/python (main)
$ git config --global user.email "abhisheksurse5121999@gmail.com"

Aprajat@Aprajat MINGW64 /d/python (main)
$ git commit -m "Hello world is get inserted"
[main 6701be7] Hello world is get inserted
 1 file changed, 2 insertions(+)
 create mode 100644 python-1.py

Aprajat@Aprajat MINGW64 /d/python (main)
$ git push origin main
info: please complete authentication in your browser...
Enumerating objects: 4, done.
Counting objects: 100% (4/4), done.
Delta compression using up to 4 threads
Compressing objects: 100% (2/2), done.
Writing objects: 100% (3/3), 328 bytes | 23.00 KiB/s, done.
Total 3 (delta 0), reused 0 (delta 0), pack-reused 0
To https://github.com/abhi522k/python.git
   073b401..6701be7  main -> main

Aprajat@Aprajat MINGW64 /d/python (main)
$ git push origin main
Everything up-to-date
